// Jest Snapshot v1, https://goo.gl/fbAQLP

exports[`InputExpansion renders as expected 1`] = `
<WithStyles(ForwardRef(Accordion))
  className="makeStyles-AccordionStyle-1"
  classes={
    Object {
      "expanded": "makeStyles-AccordionExpandedStyle-2",
    }
  }
  expanded={true}
  onChange={[Function]}
  onFocus={[Function]}
>
  <WithStyles(ForwardRef(AccordionSummary))
    aria-controls="panel1d-content"
    className="makeStyles-AccordionSummaryStyle-3"
    classes={
      Object {
        "content": "makeStyles-AccordionSummaryContentStyle-5",
        "expanded": "makeStyles-AccordionSummaryExpandedStyle-6",
        "focused": "makeStyles-AccordionSummaryStyleFocused-4",
      }
    }
    data-test-id="expansion-panel-summary"
    expandIcon={
      <UNDEFINED
        style={
          Object {
            "color": "#2196f3",
          }
        }
      />
    }
    id="panel1d-header"
  >
    <div
      id="ChildrenMock"
    />
  </WithStyles(ForwardRef(AccordionSummary))>
  <WithStyles(ForwardRef(AccordionDetails))
    classes={
      Object {
        "root": "makeStyles-AccordionDetails-7",
      }
    }
    onClick={[Function]}
    onFocus={[Function]}
  >
    <WithStyles(ForwardRef(Typography))>
      content
    </WithStyles(ForwardRef(Typography))>
  </WithStyles(ForwardRef(AccordionDetails))>
</WithStyles(ForwardRef(Accordion))>
`;
