// Jest Snapshot v1, https://goo.gl/fbAQLP

exports[`Dashboard Unit Tests renders as expected 1`] = `
<div
  className="makeStyles-dashboardBox-1"
>
  <div
    style={
      Object {
        "display": "flex",
        "justifyContent": "space-between",
      }
    }
  >
    <WithStyles(ForwardRef(Typography))
      color="primary"
      style={
        Object {
          "marginBottom": "2em",
        }
      }
      variant="h5"
    >
      Welcome 
      Mario
      !
    </WithStyles(ForwardRef(Typography))>
    <WithStyles(ForwardRef(Button))
      data-test-id="dashboard-logout-button"
      onClick={[Function]}
      style={
        Object {
          "backgroundColor": "orange",
          "height": "3em",
        }
      }
      variant="contained"
    >
      Logout
    </WithStyles(ForwardRef(Button))>
  </div>
  <WithStyles(ForwardRef(Button))
    color="primary"
    data-test-id="dashboard-employees-button"
    fullWidth={true}
    onClick={[Function]}
    style={
      Object {
        "marginBottom": "2em",
      }
    }
    variant="contained"
  >
    Employee list
  </WithStyles(ForwardRef(Button))>
  <WithStyles(ForwardRef(Button))
    color="primary"
    data-test-id="dashboard-register-button"
    disabled={false}
    fullWidth={true}
    onClick={[Function]}
    variant="contained"
  >
    Register
  </WithStyles(ForwardRef(Button))>
</div>
`;
